
> dwe-creation@0.1.0 test
> vitest


[7m[1m[34m DEV [39m[22m[27m [34mv1.6.1[39m [90mC:/Users/user/Desktop/DWE Creation[39m

node.exe : 
[2minclude: [22m[3
3m**/*.{test,spec}.?(
c|m)[jt]s?(x)[39m
Au caractère 
C:\Program Files\node
js\npm.ps1:29 : 3
+   & $NODE_EXE 
$NPM_CLI_JS $args
+   ~~~~~~~~~~~~~~~~~
~~~~~~~~~~~~
    + CategoryInfo   
           : NotSpe  
  cified: ([2minc   
 lude: [...)[jt]    
s?(x)[39m:Strin    
g) [], RemoteExc    
eption
    + FullyQualified 
   ErrorId : Native  
  CommandError
 
[2mexclude:  [22m[
33m**/node_modules/**
[2m, 
[22m**/dist/**[2m, 
[22m**/cypress/**[2
m, [22m**/.{idea,git
,cache,output,temp}/*
*[2m, [22m**/{karma
,rollup,webpack,vite,
vitest,jest,ava,babel
,nyc,cypress,tsup,bui
ld,eslint,prettier}.c
onfig.*[39m
[2mwatch exclude:  
[22m[33m**/node_modu
les/**[2m, 
[22m**/dist/**[39m
[31m
No test files found, 
exiting with code 
1[39m
